[html.rrdevs.net/xlab/index.html]
[backblue.gif]
[fade.gif]
[index.html]
[html.rrdevs.net/xlab/assets/imgs/favicon.svg]
[html.rrdevs.net/xlab/assets/css/vendor/animate.min.css]
[html.rrdevs.net/xlab/assets/css/vendor/bootstrap.min.css]
[html.rrdevs.net/xlab/assets/css/plugins/swiper.min.css]
[html.rrdevs.net/xlab/assets/css/vendor/magnific-popup.css]
[html.rrdevs.net/xlab/assets/css/vendor/spacing.css]
[html.rrdevs.net/xlab/assets/css/vendor/fontawesome-pro.css]
[html.rrdevs.net/xlab/assets/css/plugins/carouselTicker.css]
[html.rrdevs.net/xlab/assets/css/main.css]
[html.rrdevs.net/xlab/assets/imgs/logo/logo-white.svg]
[html.rrdevs.net/xlab/index-3.html]
[html.rrdevs.net/xlab/assets/imgs/logo/logo.svg]
[html.rrdevs.net/xlab/assets/imgs/menu/menu-home-1.jpg]
[html.rrdevs.net/xlab/index-one-page.html]
[html.rrdevs.net/xlab/assets/imgs/menu/menu-home-2.jpg]
[html.rrdevs.net/xlab/index-2.html]
[html.rrdevs.net/xlab/index-2-one-page.html]
[html.rrdevs.net/xlab/assets/imgs/menu/menu-home-3.jpg]
[html.rrdevs.net/xlab/index-3-one-page.html]
[html.rrdevs.net/xlab/assets/imgs/menu/menu-home-4.jpg]
[html.rrdevs.net/xlab/index-4.html]
[html.rrdevs.net/xlab/index-4-one-page.html]
[html.rrdevs.net/xlab/assets/imgs/menu/menu-home-5.jpg]
[html.rrdevs.net/xlab/index-5.html]
[html.rrdevs.net/xlab/index-5-one-page.html]
[html.rrdevs.net/xlab/about-us.html]
[html.rrdevs.net/xlab/service.html]
[html.rrdevs.net/xlab/service-details.html]
[html.rrdevs.net/xlab/portfolio.html]
[html.rrdevs.net/xlab/portfolio-details.html]
[html.rrdevs.net/xlab/blog.html]
[html.rrdevs.net/xlab/blog-details.html]
[html.rrdevs.net/xlab/pricing.html]
[html.rrdevs.net/xlab/team.html]
[html.rrdevs.net/xlab/team-details.html]
[html.rrdevs.net/xlab/faq.html]
[html.rrdevs.net/xlab/error-page.html]
[html.rrdevs.net/xlab/contact.html]
[html.rrdevs.net/xlab/assets/imgs/banner/banner-1.jpg]
[html.rrdevs.net/xlab/assets/imgs/icons/xlab.svg]
[html.rrdevs.net/xlab/assets/imgs/home1/latest-service.jpg]
[html.rrdevs.net/xlab/assets/imgs/home1/latest-service__item-1.png]
[html.rrdevs.net/xlab/assets/imgs/home1/latest-service__item-2.png]
[html.rrdevs.net/xlab/assets/imgs/home1/latest-service__item-3.png]
[html.rrdevs.net/xlab/assets/imgs/brand/brand-1.png]
[html.rrdevs.net/xlab/assets/imgs/brand/brand-2.png]
[html.rrdevs.net/xlab/assets/imgs/brand/brand-3.png]
[html.rrdevs.net/xlab/assets/imgs/brand/brand-4.png]
[html.rrdevs.net/xlab/assets/imgs/brand/brand-5.png]
[html.rrdevs.net/xlab/assets/imgs/about/circle-shape.svg]
[html.rrdevs.net/xlab/assets/imgs/about/about.jpg]
[html.rrdevs.net/xlab/assets/imgs/work-progress/work-progress-1.png]
[html.rrdevs.net/xlab/assets/imgs/work-progress/work-progress-2.png]
[html.rrdevs.net/xlab/assets/imgs/work-progress/work-progress-3.png]
[html.rrdevs.net/xlab/assets/imgs/work-progress/work-progress-4.png]
[html.rrdevs.net/xlab/assets/imgs/team/team-item-01.jpg]
[html.rrdevs.net/xlab/assets/imgs/team/team-item-02.jpg]
[html.rrdevs.net/xlab/assets/imgs/team/team-item-03.jpg]
[html.rrdevs.net/xlab/assets/imgs/recent-project/recent-project-1.png]
[html.rrdevs.net/xlab/assets/imgs/recent-project/recent-project-2.png]
[html.rrdevs.net/xlab/assets/imgs/recent-project/recent-project-3.png]
[html.rrdevs.net/xlab/assets/imgs/recent-project/recent-project-4.png]
[html.rrdevs.net/xlab/assets/imgs/about/work-progress__item-1.png]
[html.rrdevs.net/xlab/assets/imgs/about/work-progress__item-2.png]
[html.rrdevs.net/xlab/assets/imgs/about/work-progress__item-3.png]
[html.rrdevs.net/xlab/assets/imgs/feedback/feedback-1.png]
[html.rrdevs.net/xlab/assets/imgs/feedback/feedback-2.png]
[html.rrdevs.net/xlab/assets/imgs/feedback/feedback-3.png]
[html.rrdevs.net/xlab/assets/imgs/feedback/feedback-4.png]
[html.rrdevs.net/xlab/assets/imgs/icons/arrow-left-circle.svg]
[html.rrdevs.net/xlab/assets/imgs/icons/arrow-right-circle.svg]
[html.rrdevs.net/xlab/assets/imgs/latest-blog/latest-blog-item-1.jpg]
[html.rrdevs.net/xlab/assets/imgs/latest-blog/latest-blog-item-2.jpg]
[html.rrdevs.net/xlab/assets/imgs/latest-blog/latest-blog-item-3.jpg]
[html.rrdevs.net/xlab/ruble55@xlab.com]
[html.rrdevs.net/xlab/assets/js/vendor/jquery-3.6.0.min.js]
[html.rrdevs.net/xlab/assets/js/plugins/waypoints.min.js]
[html.rrdevs.net/xlab/assets/js/vendor/bootstrap.bundle.min.js]
[html.rrdevs.net/xlab/assets/js/plugins/meanmenu.min.js]
[html.rrdevs.net/xlab/assets/js/plugins/swiper.min.js]
[html.rrdevs.net/xlab/assets/js/plugins/wow.js]
[html.rrdevs.net/xlab/assets/js/vendor/magnific-popup.min.js]
[html.rrdevs.net/xlab/assets/js/vendor/type.js]
[html.rrdevs.net/xlab/assets/js/plugins/counterup.js]
[html.rrdevs.net/xlab/assets/js/plugins/nice-select.min.js]
[html.rrdevs.net/xlab/assets/js/plugins/parallax-scroll.js]
[html.rrdevs.net/xlab/assets/js/vendor/jquery-ui.min.js]
[html.rrdevs.net/xlab/assets/js/vendor/ajax-form.js]
[html.rrdevs.net/xlab/assets/js/plugins/jquery.carouselTicker.js]
[html.rrdevs.net/xlab/index.html]
[html.rrdevs.net/xlab/assets/imgs/favicon.svg]
[html.rrdevs.net/xlab/assets/js/main.js]
[html.rrdevs.net/xlab/assets/css/vendor/bootstrap.min.css]
[html.rrdevs.net/xlab/assets/css/vendor/animate.min.css]
[html.rrdevs.net/xlab/assets/css/plugins/swiper.min.css]
[html.rrdevs.net/xlab/assets/css/vendor/magnific-popup.css]
[html.rrdevs.net/xlab/assets/fonts/fa-brands-400.woff2]
[html.rrdevs.net/xlab/assets/fonts/fa-duotone-900.woff2]
[html.rrdevs.net/xlab/assets/fonts/fa-duotone-900.ttf]
[html.rrdevs.net/xlab/assets/fonts/fa-brands-400.ttf]
[html.rrdevs.net/xlab/assets/fonts/fa-light-300.woff2]
[html.rrdevs.net/xlab/assets/fonts/fa-regular-400.woff2]
[html.rrdevs.net/xlab/assets/fonts/fa-solid-900.woff2]
[html.rrdevs.net/xlab/assets/fonts/fa-regular-400.ttf]
[html.rrdevs.net/xlab/assets/fonts/fa-solid-900.ttf]
[html.rrdevs.net/xlab/assets/fonts/fa-light-300.ttf]
[html.rrdevs.net/xlab/assets/fonts/fa-thin-100.woff2]
[html.rrdevs.net/xlab/assets/fonts/fa-v4compatibility.woff2]
[html.rrdevs.net/xlab/assets/fonts/fa-v4compatibility.ttf]
[html.rrdevs.net/xlab/assets/css/vendor/fontawesome-pro.css]
[html.rrdevs.net/xlab/assets/css/vendor/spacing.css]
[html.rrdevs.net/xlab/assets/css/images/loader.gif]
[html.rrdevs.net/xlab/assets/css/plugins/carouselTicker.css]
[html.rrdevs.net/xlab/assets/css/images/ui-icons_444444_256x240.png]
[html.rrdevs.net/xlab/assets/css/images/ui-icons_555555_256x240.png]
[html.rrdevs.net/xlab/assets/css/images/ui-icons_ffffff_256x240.png]
[html.rrdevs.net/xlab/assets/css/images/ui-icons_777620_256x240.png]
[html.rrdevs.net/xlab/assets/fonts/fa-thin-100.ttf]
[html.rrdevs.net/xlab/assets/css/images/ui-icons_cc0000_256x240.png]
[html.rrdevs.net/xlab/assets/css/images/ui-icons_777777_256x240.png]
[html.rrdevs.net/xlab/assets/imgs/home3/header-bar.svg]
[html.rrdevs.net/xlab/assets/imgs/banner/banner-2-play-button.svg]
[html.rrdevs.net/xlab/assets/imgs/cta/message.svg]
[html.rrdevs.net/xlab/assets/imgs/team/border-bottom.png]
[html.rrdevs.net/xlab/assets/imgs/pricing/pricing-bg.svg]
[html.rrdevs.net/xlab/assets/imgs/home1/border-shape.png]
[html.rrdevs.net/xlab/assets/imgs/best-offers/circle.svg]
[html.rrdevs.net/xlab/assets/css/main.css]
[html.rrdevs.net/xlab/assets/imgs/banner-3/background-shape.png]
[html.rrdevs.net/xlab/assets/imgs/banner-3/banner-3_item-3.png]
[html.rrdevs.net/xlab/assets/imgs/banner-3/banner-3_item-2.png]
[html.rrdevs.net/xlab/assets/imgs/banner-3/banner-3_item-1.png]
[html.rrdevs.net/xlab/assets/imgs/banner-3/banner-media__shape.svg]
[html.rrdevs.net/xlab/assets/imgs/banner-3/banner-img.jpg]
[html.rrdevs.net/xlab/assets/imgs/banner-3/banner-img-mobile.jpg]
[html.rrdevs.net/xlab/assets/imgs/home3/about-us-3.jpg]
[html.rrdevs.net/xlab/assets/imgs/latest-gallery/latest-gallery__item-01.jpg]
[html.rrdevs.net/xlab/assets/imgs/latest-gallery/latest-gallery__item-02.jpg]
[html.rrdevs.net/xlab/assets/imgs/latest-gallery/latest-gallery__item-03.jpg]
[html.rrdevs.net/xlab/assets/imgs/latest-gallery/latest-gallery__item-04.jpg]
[html.rrdevs.net/xlab/assets/imgs/latest-gallery/latest-gallery__item-05.jpg]
[html.rrdevs.net/xlab/assets/imgs/home3/active-team-background.svg]
[html.rrdevs.net/xlab/assets/imgs/active-member/active-member-bg.svg]
[html.rrdevs.net/xlab/assets/imgs/active-member/active-team__item-1.jpg]
[html.rrdevs.net/xlab/assets/imgs/active-member/active-team__item-2.jpg]
[html.rrdevs.net/xlab/assets/imgs/active-member/active-team__item-3.jpg]
[html.rrdevs.net/xlab/assets/imgs/why-choose/dot-shape.svg]
[html.rrdevs.net/xlab/assets/imgs/why-choose/why-choose-home-small-3.jpg]
[html.rrdevs.net/xlab/assets/imgs/why-choose/why-choose-home-3.jpg]
[html.rrdevs.net/xlab/assets/imgs/talk-us/talk-us-shape.svg]
[html.rrdevs.net/xlab/assets/imgs/talk-us/talk-us.png]
[html.rrdevs.net/xlab/assets/imgs/home3/feedback-1.jpg]
[html.rrdevs.net/xlab/assets/imgs/blog/blog-news/blog-news-01.jpg]
[html.rrdevs.net/xlab/assets/imgs/blog/blog-news/blog-news-02.jpg]
[html.rrdevs.net/xlab/assets/imgs/blog/blog-news/blog-news-03.jpg]
[html.rrdevs.net/xlab/assets/imgs/cta/cta-news.svg]
[html.rrdevs.net/xlab/assets/imgs/footer/footer-bg-2.svg]
[html.rrdevs.net/xlab/index-3.html]
[html.rrdevs.net/xlab/assets/imgs/logo/logo-white.svg]
[html.rrdevs.net/xlab/assets/imgs/logo/logo.svg]
[html.rrdevs.net/xlab/index-one-page.html]
[html.rrdevs.net/xlab/assets/imgs/banner/banner-2.jpg]
[html.rrdevs.net/xlab/assets/imgs/banner/banner-2__bottom-media__shape-1.png]
[html.rrdevs.net/xlab/assets/imgs/banner/banner-2__bottom-media__shape-2.png]
[html.rrdevs.net/xlab/assets/imgs/key-feature/analysis.png]
[html.rrdevs.net/xlab/assets/imgs/key-feature/safety.png]
[html.rrdevs.net/xlab/assets/imgs/key-feature/solution.png]
[html.rrdevs.net/xlab/assets/imgs/about/who-we-are-1.jpg]
[html.rrdevs.net/xlab/assets/imgs/about/who-we-are-2.jpg]
[html.rrdevs.net/xlab/assets/imgs/about/about-us-1.jpg]
[html.rrdevs.net/xlab/assets/imgs/about/about-us-2.jpg]
[html.rrdevs.net/xlab/assets/imgs/latest-service/latest-service-img-1.jpg]
[html.rrdevs.net/xlab/assets/imgs/latest-service/latest-service-img-2.jpg]
[html.rrdevs.net/xlab/assets/imgs/latest-service/latest-service-img-3.jpg]
[html.rrdevs.net/xlab/assets/imgs/home-2/feedback-item-2-1.jpg]
[html.rrdevs.net/xlab/assets/imgs/home-2/feedback-item-2-2.jpg]
[html.rrdevs.net/xlab/assets/imgs/home-2/work-progress-2__item-1.png]
[html.rrdevs.net/xlab/assets/imgs/home-2/work-progress-2__item-2.png]
[html.rrdevs.net/xlab/assets/imgs/home-2/work-progress-2__item-3.png]
[html.rrdevs.net/xlab/assets/imgs/home-2/work-progress-2__item-4.png]
[html.rrdevs.net/xlab/assets/imgs/service/heading-email-icon.svg]
[html.rrdevs.net/xlab/assets/imgs/home-2/contact.jpg]
[html.rrdevs.net/xlab/assets/imgs/latest-blog/latest-blog-h-1.jpg]
[html.rrdevs.net/xlab/assets/imgs/latest-blog/latest-blog-h-2.jpg]
[html.rrdevs.net/xlab/assets/imgs/latest-blog/latest-blog-h-3.jpg]
[html.rrdevs.net/xlab/assets/imgs/footer/footer-bg-3.svg]
[html.rrdevs.net/xlab/index-2.html]
[html.rrdevs.net/xlab/index-2-one-page.html]
[html.rrdevs.net/xlab/index-3-one-page.html]
[html.rrdevs.net/xlab/assets/imgs/logo/home-4-logo.svg]
[html.rrdevs.net/xlab/assets/imgs/banner-4/banner-4-top-shap.svg]
[html.rrdevs.net/xlab/assets/imgs/banner-4/banner-4-circle.png]
[html.rrdevs.net/xlab/assets/imgs/banner-4/banner-4-item-1.png]
[html.rrdevs.net/xlab/assets/imgs/banner-4/banner-4-bottom-shap.svg]
[html.rrdevs.net/xlab/assets/imgs/home-4/latest-service-1.png]
[html.rrdevs.net/xlab/assets/imgs/home-4/latest-service-2.png]
[html.rrdevs.net/xlab/assets/imgs/home-4/latest-service-3.png]
[html.rrdevs.net/xlab/assets/imgs/home-4/client-1.png]
[html.rrdevs.net/xlab/assets/imgs/home-4/client-2.png]
[html.rrdevs.net/xlab/assets/imgs/home-4/client-3.png]
[html.rrdevs.net/xlab/assets/imgs/home-4/client-4.png]
[html.rrdevs.net/xlab/assets/imgs/home-4/client-5.png]
[html.rrdevs.net/xlab/assets/imgs/home-4/about-us-1.jpg]
[html.rrdevs.net/xlab/assets/imgs/home-4/about-us-2.jpg]
[html.rrdevs.net/xlab/assets/imgs/home-4/about-us-author.png]
[html.rrdevs.net/xlab/assets/imgs/home-4/insurance-1.png]
[html.rrdevs.net/xlab/assets/imgs/home-4/insurance-2.png]
[html.rrdevs.net/xlab/assets/imgs/home-4/about-us-insurance.png]
[html.rrdevs.net/xlab/assets/imgs/home-4/home-4-latest-gallery-1.jpg]
[html.rrdevs.net/xlab/assets/imgs/home-4/home-4-latest-gallery-2.jpg]
[html.rrdevs.net/xlab/assets/imgs/home-4/home-4-latest-gallery-3.jpg]
[html.rrdevs.net/xlab/assets/imgs/home-4/our-plans.png]
[html.rrdevs.net/xlab/assets/imgs/home-4/team-1.png]
[html.rrdevs.net/xlab/assets/imgs/home-4/team-3.png]
[html.rrdevs.net/xlab/assets/imgs/home-4/team-4.png]
[html.rrdevs.net/xlab/assets/imgs/home-4/blog-1.png]
[html.rrdevs.net/xlab/assets/imgs/home-4/blog-2.png]
[html.rrdevs.net/xlab/assets/imgs/home-4/blog-3.png]
[html.rrdevs.net/xlab/assets/imgs/home-4/newsletter-shap-left.svg]
[html.rrdevs.net/xlab/assets/imgs/home-4/newsletter-shap-right.svg]
[html.rrdevs.net/xlab/index-4.html]
[html.rrdevs.net/xlab/assets/imgs/logo/footer-logo-4.svg]
[html.rrdevs.net/xlab/assets/css/plugins/slick.css]
[html.rrdevs.net/xlab/index-4-one-page.html]
[html.rrdevs.net/xlab/assets/js/plugins/slick.min.js]
[html.rrdevs.net/xlab/assets/imgs/logo/logo-5.svg]
[html.rrdevs.net/xlab/assets/imgs/banner-5/banner-5.jpg]
[html.rrdevs.net/xlab/assets/imgs/home-5/about-us-5.png]
[html.rrdevs.net/xlab/assets/imgs/icons/arrow-right-circle-2.svg]
[html.rrdevs.net/xlab/assets/imgs/icons/arrow-left-circle-2.svg]
[html.rrdevs.net/xlab/assets/imgs/home-5/feature-1.png]
[html.rrdevs.net/xlab/assets/imgs/home-5/feature-2.png]
[html.rrdevs.net/xlab/assets/imgs/home-5/feature-3.png]
[html.rrdevs.net/xlab/assets/imgs/home-5/latest-work-1.jpg]
[html.rrdevs.net/xlab/assets/imgs/home-5/latest-work-2.jpg]
[html.rrdevs.net/xlab/assets/imgs/home-5/latest-work-3.jpg]
[html.rrdevs.net/xlab/assets/imgs/home-5/latest-work-4.jpg]
[html.rrdevs.net/xlab/assets/imgs/home-5/clients-testomonial.png]
[html.rrdevs.net/xlab/assets/imgs/home-5/clients-testomonial-author.png]
[html.rrdevs.net/xlab/assets/imgs/icons/arrow-right-white.svg]
[html.rrdevs.net/xlab/assets/imgs/home-5/contact.png]
[html.rrdevs.net/xlab/assets/imgs/home-5/blog-news-1.png]
[html.rrdevs.net/xlab/assets/imgs/home-5/blog-news-2.png]
[html.rrdevs.net/xlab/assets/imgs/home-5/blog-news-3.png]
[html.rrdevs.net/xlab/index-5.html]
[html.rrdevs.net/xlab/assets/imgs/logo/footer-logo-5.svg]
[html.rrdevs.net/xlab/index-5-one-page.html]
[html.rrdevs.net/xlab/assets/imgs/portfolio/page-header-1.jpg]
[html.rrdevs.net/xlab/about-us.html]
[html.rrdevs.net/xlab/assets/imgs/service/contact-us.jpg]
[html.rrdevs.net/xlab/service.html]
[html.rrdevs.net/xlab/assets/imgs/icons/ssd-card.svg]
[html.rrdevs.net/xlab/assets/imgs/icons/smart-speaker.svg]
[html.rrdevs.net/xlab/assets/imgs/service/service-details.jpg]
[html.rrdevs.net/xlab/service-details.html]
[html.rrdevs.net/xlab/assets/imgs/sidebar/background-shpae.svg]
[html.rrdevs.net/xlab/assets/imgs/portfolio/portfolio-1.jpg]
[html.rrdevs.net/xlab/assets/imgs/portfolio/portfolio-2.jpg]
[html.rrdevs.net/xlab/assets/imgs/portfolio/portfolio-3.jpg]
[html.rrdevs.net/xlab/assets/imgs/portfolio/portfolio-4.jpg]
[html.rrdevs.net/xlab/assets/imgs/portfolio/portfolio-5.jpg]
[html.rrdevs.net/xlab/assets/imgs/portfolio/portfolio-6.jpg]
[html.rrdevs.net/xlab/assets/imgs/portfolio/portfolio-7.jpg]
[html.rrdevs.net/xlab/portfolio.html]
[html.rrdevs.net/xlab/assets/imgs/portfolio/portfolio-details.jpg]
[html.rrdevs.net/xlab/assets/imgs/portfolio/portfolio-details-inner.jpg]
[html.rrdevs.net/xlab/portfolio-details.html]
[html.rrdevs.net/xlab/assets/imgs/blog/blog-1.jpg]
[html.rrdevs.net/xlab/assets/imgs/blog/blog-2.jpg]
[html.rrdevs.net/xlab/assets/imgs/blog/blog-3.jpg]
[html.rrdevs.net/xlab/assets/imgs/blog/blog-4.jpg]
[html.rrdevs.net/xlab/assets/imgs/blog/gallery/big/gallery-1.jpg]
[html.rrdevs.net/xlab/assets/imgs/blog/gallery/gallery-1.jpg]
[html.rrdevs.net/xlab/assets/imgs/blog/gallery/big/gallery-2.jpg]
[html.rrdevs.net/xlab/assets/imgs/blog/gallery/gallery-2.jpg]
[html.rrdevs.net/xlab/assets/imgs/blog/gallery/big/gallery-3.jpg]
[html.rrdevs.net/xlab/assets/imgs/blog/gallery/gallery-3.jpg]
[html.rrdevs.net/xlab/assets/imgs/blog/gallery/big/gallery-4.jpg]
[html.rrdevs.net/xlab/assets/imgs/blog/gallery/gallery-4.jpg]
[html.rrdevs.net/xlab/assets/imgs/blog/gallery/big/gallery-5.jpg]
[html.rrdevs.net/xlab/assets/imgs/blog/gallery/gallery-5.jpg]
[html.rrdevs.net/xlab/assets/imgs/blog/gallery/big/gallery-6.jpg]
[html.rrdevs.net/xlab/assets/imgs/blog/gallery/gallery-6.jpg]
[html.rrdevs.net/xlab/blog.html]
[html.rrdevs.net/xlab/assets/imgs/blog/blog-details-1.jpg]
[html.rrdevs.net/xlab/assets/imgs/blog/blog-details-2.jpg]
[html.rrdevs.net/xlab/assets/imgs/blog/comment/comment-1.jpg]
[html.rrdevs.net/xlab/assets/imgs/blog/comment/comment-2.jpg]
[html.rrdevs.net/xlab/blog-details.html]
[html.rrdevs.net/xlab/pricing.html]
[html.rrdevs.net/xlab/team.html]
[html.rrdevs.net/xlab/assets/imgs/team-details/team-details.jpg]
[html.rrdevs.net/xlab/team-details.html]
[html.rrdevs.net/xlab/faq.html]
[html.rrdevs.net/xlab/error-page.html]
[html.rrdevs.net/xlab/contact.html]
[html.rrdevs.net/xlab/assets/imgs/icons/xlab.svg]
[html.rrdevs.net/xlab/assets/imgs/about/circle-shape.svg]
[html.rrdevs.net/xlab/assets/imgs/icons/arrow-left-circle.svg]
[html.rrdevs.net/xlab/assets/imgs/icons/arrow-right-circle.svg]
[html.rrdevs.net/xlab/ruble55@xlab.html]
[html.rrdevs.net/xlab/assets/js/vendor/jquery-3.6.0.min.js]
[html.rrdevs.net/xlab/assets/js/plugins/waypoints.min.js]
[html.rrdevs.net/xlab/assets/js/vendor/bootstrap.bundle.min.js]
[html.rrdevs.net/xlab/assets/js/plugins/meanmenu.min.js]
[html.rrdevs.net/xlab/${l}]
[html.rrdevs.net/xlab/e]
[html.rrdevs.net/xlab/t.params.url]
[html.rrdevs.net/xlab/assets/js/plugins/swiper.min.js]
[html.rrdevs.net/xlab/assets/js/plugins/wow.js]
[html.rrdevs.net/xlab/assets/js/vendor/magnific-popup.min.js]
[html.rrdevs.net/xlab/assets/js/vendor/type.js]
[html.rrdevs.net/xlab/assets/js/plugins/counterup.js]
[html.rrdevs.net/xlab/assets/js/plugins/nice-select.min.js]
[html.rrdevs.net/xlab/assets/js/vendor/jquery-ui.min.js]
[html.rrdevs.net/xlab/assets/js/plugins/parallax-scroll.js]
[html.rrdevs.net/xlab/assets/js/vendor/ajax-form.js]
[html.rrdevs.net/xlab/assets/js/plugins/jquery.carouselTicker.js]
[html.rrdevs.net/xlab/assets/js/main.js]
[html.rrdevs.net/xlab/assets/fonts/fa-duotone-900.html]
[html.rrdevs.net/xlab/assets/fonts/fa-duotone-901.html]
[html.rrdevs.net/xlab/assets/css/images/loader.html]
[html.rrdevs.net/xlab/assets/css/images/ui-icons_444444_256x240.html]
[html.rrdevs.net/xlab/assets/css/images/ui-icons_555555_256x240.html]
[html.rrdevs.net/xlab/assets/css/images/ui-icons_ffffff_256x240.html]
[html.rrdevs.net/xlab/assets/css/images/ui-icons_777620_256x240.html]
[html.rrdevs.net/xlab/assets/css/images/ui-icons_cc0000_256x240.html]
[html.rrdevs.net/xlab/assets/css/images/ui-icons_777777_256x240.html]
[html.rrdevs.net/xlab/assets/imgs/home3/header-bar.svg]
[html.rrdevs.net/xlab/assets/imgs/banner/banner-2-play-button.svg]
[html.rrdevs.net/xlab/assets/imgs/cta/message.svg]
[html.rrdevs.net/xlab/assets/imgs/pricing/pricing-bg.svg]
[html.rrdevs.net/xlab/assets/imgs/pricing/popular-bg.svg]
[html.rrdevs.net/xlab/assets/imgs/best-offers/circle.svg]
[html.rrdevs.net/xlab/assets/imgs/banner-3/banner-media__shape.svg]
[html.rrdevs.net/xlab/assets/imgs/home3/active-team-background.svg]
[html.rrdevs.net/xlab/assets/imgs/active-member/active-member-bg.svg]
[html.rrdevs.net/xlab/assets/imgs/why-choose/dot-shape.svg]
[html.rrdevs.net/xlab/assets/imgs/talk-us/talk-us-shape.svg]
[html.rrdevs.net/xlab/assets/imgs/cta/cta-news.svg]
[html.rrdevs.net/xlab/assets/imgs/footer/footer-bg-2.svg]
[html.rrdevs.net/xlab/assets/imgs/service/heading-email-icon.svg]
[html.rrdevs.net/xlab/assets/imgs/footer/footer-bg-3.svg]
[html.rrdevs.net/xlab/assets/imgs/logo/home-4-logo.svg]
[html.rrdevs.net/xlab/assets/imgs/banner-4/banner-4-top-shap.svg]
[html.rrdevs.net/xlab/assets/imgs/banner-4/banner-4-bottom-shap.svg]
[html.rrdevs.net/xlab/assets/imgs/home-4/newsletter-shap-left.svg]
[html.rrdevs.net/xlab/assets/imgs/home-4/newsletter-shap-right.svg]
[html.rrdevs.net/xlab/assets/imgs/logo/footer-logo-4.svg]
[html.rrdevs.net/xlab/assets/css/plugins/slick.css]
[html.rrdevs.net/xlab/assets/js/plugins/slick.min.js]
[html.rrdevs.net/xlab/assets/imgs/logo/logo-5.svg]
[html.rrdevs.net/xlab/assets/imgs/icons/arrow-right-circle-2.svg]
[html.rrdevs.net/xlab/assets/imgs/icons/arrow-left-circle-2.svg]
[html.rrdevs.net/xlab/assets/imgs/icons/arrow-right-white.svg]
[html.rrdevs.net/xlab/assets/imgs/logo/footer-logo-5.svg]
[html.rrdevs.net/xlab/assets/imgs/icons/ssd-card.svg]
[html.rrdevs.net/xlab/assets/imgs/icons/smart-speaker.svg]
[html.rrdevs.net/xlab/assets/imgs/sidebar/background-shpae.svg]
[html.rrdevs.net/xlab/${l}.html]
[html.rrdevs.net/xlab/e.html]
[html.rrdevs.net/xlab/t.params.html]
